Botafogo vs Vasco DA Gama; prediction cutoff 2026-10-05T14:36:51.597927+00:00
Model training cutoff: 2026-10-05T14:33:21.072548+00:00
Expected corners: home 5.47, away 4.53, total 10.01
Botafogo: approximate 90% prediction interval 2-10
Vasco DA Gama: approximate 90% prediction interval 1-9
Total: approximate 90% prediction interval 5-16

Probabilidad del total de esquinas:
   0: 0.01%
   1: 0.07%
   2: 0.31%
   3: 0.96%
   4: 2.23%
   5: 4.18%
   6: 6.62%
   7: 9.07%
   8: 10.99%
   9: 11.96%
  >9: 53.60%

P(total corners > 9.5): 53.60%
P(total corners < 9.5): 46.40%
